[rustsbi] RustSBI version 0.3.1, adapting to RISC-V SBI v1.0.0
.______       __    __      _______.___________.  _______..______   __
|   _  \     |  |  |  |    /       |           | /       ||   _  \ |  |
|  |_)  |    |  |  |  |   |   (----`---|  |----`|   (----`|  |_)  ||  |
|      /     |  |  |  |    \   \       |  |      \   \    |   _  < |  |
|  |\  \----.|  `--'  |.----)   |      |  |  .----)   |   |  |_)  ||  |
| _| `._____| \______/ |_______/       |__|  |_______/    |______/ |__|
[rustsbi] Implementation     : RustSBI-QEMU Version 0.2.0-alpha.2
[rustsbi] Platform Name      : riscv-virtio,qemu
[rustsbi] Platform SMP       : 1
[rustsbi] Platform Memory    : 0x80000000..0x88000000
[rustsbi] Boot HART          : 0
[rustsbi] Device Tree Region : 0x87e00000..0x87e010f6
[rustsbi] Firmware Address   : 0x80000000
[rustsbi] Supervisor Address : 0x80200000
[rustsbi] pmp01: 0x00000000..0x80000000 (-wr)
[rustsbi] pmp02: 0x80000000..0x80200000 (---)
[rustsbi] pmp03: 0x80200000..0x88000000 (xwr)
[rustsbi] pmp04: 0x88000000..0x00000000 (-wr)
[34m[ INFO] [kernel] Hello, world![0m
last 31145 Physical Frames.
.text [0x80200000, 0x80210000)
.rodata [0x80210000, 0x80215000)
.data [0x80215000, 0x80446000)
.bss [0x80446000, 0x80657000)
mapping .text section
mapping .rodata section
mapping .data section
mapping .bss section
mapping physical memory
mapping memory-mapped registers
remap_test passed!
after initproc!
/**** APPS ****
exit
fantastic_text
forkexec
forktest
forktest2
forktest_simple
forktree
hello_world
initproc
matrix
rms_preempt
rms_preempt_strict
rms_priority_map
rms_priority_order
rms_ready_order
rms_ready_queue
rms_regression
rms_remaining_slice
rms_round_robin
rms_rr_fairness
rms_slice_trace
rms_syscall_probe
rms_waitpid_block
rms_waitpid_regression
sched_common_workload
sleep
sleep_simple
stack_overflow
user_shell
usertests
usertests-simple
waitpid_common
yield
**************/
Rust user shell
>> rms_priority_map
TEST name=rms_priority_map phase=start
DATA period=1 priority=0 expected=0
DATA period=2 priority=0 expected=0
DATA period=33 priority=0 expected=0
DATA period=34 priority=1 expected=1
DATA period=100 priority=3 expected=3
DATA period=512 priority=15 expected=15
DATA period=1023 priority=30 expected=30
DATA period=1024 priority=31 expected=31
DATA period=0 result=-1 retained_period=1024 retained_priority=31
DATA period=1025 result=-1 retained_period=1024 retained_priority=31
PASS name=rms_priority_map
Shell: Process 2 exited with code 0
>> QEMU: Terminated
