make: Entering directory '/home/siyun/rCore-Tutorial-v3/os'
[0;32mQEMU version is 8.2.2(>=7), OK![0m
(rustup target list | grep "riscv64gc-unknown-none-elf (installed)") || rustup target add riscv64gc-unknown-none-elf
riscv64gc-unknown-none-elf (installed)
cargo install cargo-binutils
    Updating crates.io index
     Ignored package `cargo-binutils v0.4.0` is already installed, use --force to override
rustup component add rust-src
info: component 'rust-src' is up to date
rustup component add llvm-tools-preview
info: component 'llvm-tools' for target 'x86_64-unknown-linux-gnu' is up to date
make[1]: Entering directory '/home/siyun/rCore-Tutorial-v3/user'
    Finished `release` profile [optimized + debuginfo] target(s) in 0.00s
make[1]: Leaving directory '/home/siyun/rCore-Tutorial-v3/user'
Platform: qemu
   Compiling os v0.1.0 (/home/siyun/rCore-Tutorial-v3/os)
    Finished `release` profile [optimized + debuginfo] target(s) in 0.48s
[rustsbi] RustSBI version 0.3.1, adapting to RISC-V SBI v1.0.0
.______       __    __      _______.___________.  _______..______   __
|   _  \     |  |  |  |    /       |           | /       ||   _  \ |  |
|  |_)  |    |  |  |  |   |   (----`---|  |----`|   (----`|  |_)  ||  |
|      /     |  |  |  |    \   \       |  |      \   \    |   _  < |  |
|  |\  \----.|  `--'  |.----)   |      |  |  .----)   |   |  |_)  ||  |
| _| `._____| \______/ |_______/       |__|  |_______/    |______/ |__|
[rustsbi] Implementation     : RustSBI-QEMU Version 0.2.0-alpha.2
[rustsbi] Platform Name      : riscv-virtio,qemu
[rustsbi] Platform SMP       : 1
[rustsbi] Platform Memory    : 0x80000000..0x88000000
[rustsbi] Boot HART          : 0
[rustsbi] Device Tree Region : 0x87e00000..0x87e010f6
[rustsbi] Firmware Address   : 0x80000000
[rustsbi] Supervisor Address : 0x80200000
[rustsbi] pmp01: 0x00000000..0x80000000 (-wr)
[rustsbi] pmp02: 0x80000000..0x80200000 (---)
[rustsbi] pmp03: 0x80200000..0x88000000 (xwr)
[rustsbi] pmp04: 0x88000000..0x00000000 (-wr)
[34m[ INFO] [kernel] Hello, world![0m
last 31161 Physical Frames.
.text [0x80200000, 0x80210000)
.rodata [0x80210000, 0x80215000)
.data [0x80215000, 0x80436000)
.bss [0x80436000, 0x80647000)
mapping .text section
mapping .rodata section
mapping .data section
mapping .bss section
mapping physical memory
mapping memory-mapped registers
remap_test passed!
after initproc!
/**** APPS ****
exit
fantastic_text
forkexec
forktest
forktest2
forktest_simple
forktree
hello_world
initproc
matrix
rms_preempt
rms_preempt_strict
rms_priority_map
rms_priority_order
rms_ready_order
rms_ready_queue
rms_regression
rms_remaining_slice
rms_round_robin
rms_rr_fairness
rms_slice_trace
rms_syscall_probe
rms_waitpid_block
rms_waitpid_regression
sched_common_workload
sleep
sleep_simple
stack_overflow
user_shell
usertests
usertests-simple
yield
**************/
Rust user shell
>> rms_preempt_strict
TEST name=rms_preempt_strict phase=start
EVENT type=high_ready_base time=19
EVENT type=high_first_run pid=3 time=22 latency_ms=3
EVENT type=low_finish pid=2 time=269 work_units=8193
SCHED_STATS timer=25 schedule=14 switch=14 fetch=14 scan=368 ts_preempt=12 prio_preempt=1 wait_block=0 wakeup=0
RESULT create_time_ms=19 high_start_ms=22 low_finish_ms=269 latency_ms=3
PASS name=rms_preempt_strict
Shell: Process 2 exited with code 0
>> QEMU: Terminated
make: Leaving directory '/home/siyun/rCore-Tutorial-v3/os'
